scripts/seed_products.ts(34,7): error TS7034: Variable 'mockProducts' implicitly has type 'any[]' in some locations where its type cannot be determined.
scripts/seed_products.ts(187,17): error TS7005: Variable 'mockProducts' implicitly has an 'any[]' type.
types/supabase.ts(283,14): error TS2536: Type '"Tables"' cannot be used to index type 'Database[PublicTableNameOrOptions["schema"]]'.
types/supabase.ts(284,9): error TS2536: Type '"Views"' cannot be used to index type 'Database[PublicTableNameOrOptions["schema"]]'.
types/supabase.ts(287,8): error TS2536: Type '"Tables"' cannot be used to index type 'Database[PublicTableNameOrOptions["schema"]]'.
types/supabase.ts(288,9): error TS2536: Type '"Views"' cannot be used to index type 'Database[PublicTableNameOrOptions["schema"]]'.
types/supabase.ts(308,13): error TS2536: Type '"Tables"' cannot be used to index type 'Database[PublicTableNameOrOptions["schema"]]'.
types/supabase.ts(311,7): error TS2536: Type '"Tables"' cannot be used to index type 'Database[PublicTableNameOrOptions["schema"]]'.
types/supabase.ts(329,13): error TS2536: Type '"Tables"' cannot be used to index type 'Database[PublicTableNameOrOptions["schema"]]'.
types/supabase.ts(332,7): error TS2536: Type '"Tables"' cannot be used to index type 'Database[PublicTableNameOrOptions["schema"]]'.
types/supabase.ts(350,13): error TS2536: Type '"Enums"' cannot be used to index type 'Database[PublicEnumNameOrOptions["schema"]]'.
types/supabase.ts(353,7): error TS2536: Type '"Enums"' cannot be used to index type 'Database[PublicEnumNameOrOptions["schema"]]'.
types/supabase.ts(365,13): error TS2536: Type '"CompositeTypes"' cannot be used to index type 'Database[PublicCompositeTypeNameOrOptions["schema"]]'.
types/supabase.ts(368,7): error TS2536: Type '"CompositeTypes"' cannot be used to index type 'Database[PublicCompositeTypeNameOrOptions["schema"]]'.
